.........................
.........................
.........................
.........................
.........................
.........................
.........................
.........................
.........................
.........................
.....OO..................
.....OO..................
.........................
.........................
.........................
.........................
.........................
.........................
.............OOO.........
...................O.....
..................O.O....
..................O.O....
...................O.....
.........................
.........................
