.........................
.........................
.........................
.........................
.........................
.........................
.........................
.........................
.........................
.........................
.........................
.........................
.........................
.........................
.........................
.........................
.........................
.........................
........B................
.......B.B...............
........B.B..............
RRR......BB..............
.........................
.........................
.........................
