.........................
.........................
.........................
.........................
.........................
.........................
.........................
.........................
.........................
.........................
.........................
.........................
.................RB......
.................BB......
.........................
.........................
.........................
..............RB.........
..............BB.........
.........................
.........................
.........................
.........RR..............
.........RR..............
.........................
