.........................
.........................
.........................
.........................
.........................
.........................
.........................
.........................
.........................
.........................
.........................
.........................
.........................
.........................
.........................
.....BB..................
.....BR..................
.........................
.........................
.........................
...RR....................
..R..R...................
...RR....................
.........................
.........................
