.........................
.......RR................
.......RR................
.........................
.........................
.........................
.......................BR
.......................BR
.........................
.........................
.........................
.........................
.........................
.........................
.........................
.........................
.........................
.........................
.........................
.........................
.........................
.................BR......
.................RR......
.........................
.........................
