....O....................
....O.........OO.........
.............O.O.........
............OOO.......OOO
.................OOOOO.O.
.........OOO.O......OOOO.
.......O.OOOOOOOOOO..OO..
..O......O.O..O...OOO....
.O........OOOOOO.O.......
.O........O..OO..........
.O............OO...O...O.
.O.........OOOOO..O.....O
.........O....O..O.......
..O....O....OOO..........
...O.....OO..O....O......
.OO.....OO..O.....O......
OO.....O...O......O......
O.O.........O.....O......
....O..O....O............
.O...OOO................O
.OOOO.O...OOO...OOO......
.O.......O...............
.........O...............
.OO......O...............
.O......O..............O.
